-I: Adding /sbcb/packages/opt/Linux_x86_64/amber/19/Jan2020/amber18/dat/leap/prep to search path.
-I: Adding /sbcb/packages/opt/Linux_x86_64/amber/19/Jan2020/amber18/dat/leap/lib to search path.
-I: Adding /sbcb/packages/opt/Linux_x86_64/amber/19/Jan2020/amber18/dat/leap/parm to search path.
-I: Adding /sbcb/packages/opt/Linux_x86_64/amber/19/Jan2020/amber18/dat/leap/cmd to search path.
-f: Source data/interim/tests/24/DMSO_GAFF_RESP/1_make_topology/tleap.in.

Welcome to LEaP!
(no leaprc in search path)
Sourcing: ./data/interim/tests/24/DMSO_GAFF_RESP/1_make_topology/tleap.in
Log file: ./data/interim/tests/24/DMSO_GAFF_RESP/1_make_topology/leap.log
----- Source: ./libs/forcefields/leaprc.protein.ff14SB_noterminal
----- Source of ./libs/forcefields/leaprc.protein.ff14SB_noterminal done
Loading parameters: /sbcb/packages/opt/Linux_x86_64/amber/19/Jan2020/amber18/dat/leap/parm/parm10.dat
Reading title:
PARM99 + frcmod.ff99SB + frcmod.parmbsc0 + OL3 for RNA
Loading parameters: /sbcb/packages/opt/Linux_x86_64/amber/19/Jan2020/amber18/dat/leap/parm/frcmod.ff14SB
Reading force field modification type file (frcmod)
Reading title:
ff14SB protein backbone and sidechain parameters
Loading library: /sbcb/packages/opt/Linux_x86_64/amber/19/Jan2020/amber18/dat/leap/lib/amino12.lib
Loading library: /sbcb/packages/opt/Linux_x86_64/amber/19/Jan2020/amber18/dat/leap/lib/aminoct12.lib
Loading library: /sbcb/packages/opt/Linux_x86_64/amber/19/Jan2020/amber18/dat/leap/lib/aminont12.lib
----- Source: /sbcb/packages/opt/Linux_x86_64/amber/19/Jan2020/amber18/dat/leap/cmd/leaprc.gaff
----- Source of /sbcb/packages/opt/Linux_x86_64/amber/19/Jan2020/amber18/dat/leap/cmd/leaprc.gaff done
Log file: ./leap.log
Loading parameters: /sbcb/packages/opt/Linux_x86_64/amber/19/Jan2020/amber18/dat/leap/parm/gaff.dat
Reading title:
AMBER General Force Field for organic molecules (Version 1.81, May 2017)
Loading PDB file: ./data/interim/tests/24/DMSO_GAFF_RESP/0_pre_topology/4amb_noH.pdb
  total atoms in file: 44
  Leap added 42 missing atoms according to residue templates:
       42 H / lone pairs
Checking Unit.

/sbcb/packages/opt/Linux_x86_64/amber/19/Jan2020/amber18/bin/teLeap: Warning!
The unperturbed charge of the unit (-1.000000) is not zero.

/sbcb/packages/opt/Linux_x86_64/amber/19/Jan2020/amber18/bin/teLeap: Note.
Ignoring the warning from Unit Checking.

Building topology.
Building atom parameters.
Building bond parameters.
Building angle parameters.
Building proper torsion parameters.
Building improper torsion parameters.
 total 15 improper torsions applied
Building H-Bond parameters.
Incorporating Non-Bonded adjustments.
Not Marking per-residue atom chain types.
Marking per-residue atom chain types.
 (no restraints)
Writing pdb file: data/interim/tests/24/DMSO_GAFF_RESP/1_make_topology/mc_gas.pdb
Writing mol2 file: data/interim/tests/24/DMSO_GAFF_RESP/1_make_topology/mc_gas.mol2
Total unperturbed charge:  -1.000000
Total perturbed charge:    -1.000000
Checking 'ramp'....

/sbcb/packages/opt/Linux_x86_64/amber/19/Jan2020/amber18/bin/teLeap: Warning!
The unperturbed charge of the unit (-1.000000) is not zero.

/sbcb/packages/opt/Linux_x86_64/amber/19/Jan2020/amber18/bin/teLeap: Warning!
Close contact of 1.316314 angstroms between .R<SER 1>.A<H 2> and .R<PRO 2>.A<HD3 4>
Checking parameters for unit 'ramp'.
Checking for bond parameters.
Checking for angle parameters.
check:  Warnings: 2
Unit is OK.
Loading library: ./libs/md_solvents/dmso_gaff_resp/dmsobox.lib
Scaling up box by a factor of 1.276075 to meet diagonal cut criterion
  Solute vdw bounding box:              14.452 18.199 9.439
  Total bounding box for atom centers:  48.825 48.825 48.825
      (box expansion for 'iso' is  32.0%)
  Solvent unit box:                     30.000 30.000 30.000
  Volume: 61846.354 A^3 (oct)
  Total mass 25860.020 amu,  Density 0.694 g/cc
  Added 323 residues.
Checking Unit.

/sbcb/packages/opt/Linux_x86_64/amber/19/Jan2020/amber18/bin/teLeap: Warning!
The unperturbed charge of the unit (-1.000323) is not zero.

/sbcb/packages/opt/Linux_x86_64/amber/19/Jan2020/amber18/bin/teLeap: Note.
Ignoring the warning from Unit Checking.

Building topology.
Building atom parameters.
Building bond parameters.
Building angle parameters.
Building proper torsion parameters.
Building improper torsion parameters.
 total 15 improper torsions applied
Building H-Bond parameters.
Incorporating Non-Bonded adjustments.
Not Marking per-residue atom chain types.
Marking per-residue atom chain types.
  (Residues lacking connect0/connect1 - 
   these don't have chain types marked:

	res	total affected

	DMS	323
  )
 (no restraints)
Writing pdb file: data/interim/tests/24/DMSO_GAFF_RESP/1_make_topology/mc_sol.pdb
   printing CRYST1 record to PDB file with box info
	Quit

Exiting LEaP: Errors = 0; Warnings = 4; Notes = 2.
