{"24a": {"0": {"Atom 1": "(1,)", "Atom 2": "(59,)", "NMR exp": 3.68, "lower bound": 0.0, "upper bound": 4.05, "md": [6.217858700939966], "lower": [5.719927631735594], "upper": [6.8630061247743575]}, "1": {"Atom 1": "(5, 6)", "Atom 2": "(26,)", "NMR exp": 4.0, "lower bound": 0.0, "upper bound": 4.4, "md": [5.009656182896545, 5.1459142617547595], "lower": [4.868641982715438, 4.972237830031807], "upper": [5.515996118486977, 5.714169731774384]}, "2": {"Atom 1": "(5, 6)", "Atom 2": "(45,)", "NMR exp": 3.95, "lower bound": 0.0, "upper bound": 4.34, "md": [7.402842401206237, 8.840999448113097], "lower": [6.542059797450895, 7.508755011031219], "upper": [8.47887863011883, 9.155015073696967]}, "3": {"Atom 1": "(5, 6)", "Atom 2": "(45,)", "NMR exp": 3.9, "lower bound": 0.0, "upper bound": 4.29, "md": [7.402842401206237, 8.840999448113097], "lower": [6.542059797450895, 7.508755011031219], "upper": [8.47887863011883, 9.155015073696967]}, "4": {"Atom 1": "(3,)", "Atom 2": "(13, 14)", "NMR exp": 2.1, "lower bound": 0.0, "upper bound": 4.3500000000000005, "md": [4.2697377098852, 4.056087414897965], "lower": [4.021660648821283, 3.8908928350210554], "upper": [4.441812555875438, 4.29659142371945]}, "5": {"Atom 1": "(13, 14)", "Atom 2": "(26,)", "NMR exp": 3.64, "lower bound": 0.0, "upper bound": 5.39, "md": [2.751266198278485, 4.1512637690842915], "lower": [2.404906906696587, 3.857268629496561], "upper": [3.255282313377099, 4.39701974023177]}, "6": {"Atom 1": "(28,)", "Atom 2": "(45,)", "NMR exp": 3.24, "lower bound": 0.0, "upper bound": 3.56, "md": [2.198978807403697], "lower": [2.0412325864912098], "upper": [2.601233763469349]}, "7": {"Atom 1": "(45,)", "Atom 2": "(59,)", "NMR exp": 3.92, "lower bound": 0.0, "upper bound": 4.3100000000000005, "md": [3.6315745515131197], "lower": [3.314924086070467], "upper": [4.185228443924799]}, "8": {"Atom 1": "(47,)", "Atom 2": "(59,)", "NMR exp": 2.88, "lower bound": 0.0, "upper bound": 3.17, "md": [3.4676496704375133], "lower": [3.335247424356191], "upper": [3.6040203124307353]}, "9": {"Atom 1": "(49, 50)", "Atom 2": "(59,)", "NMR exp": 3.06, "lower bound": 0.0, "upper bound": 4.69, "md": [3.7002283400144758, 2.283668600284978], "lower": [3.1957068097124397, 2.0413300854912597], "upper": [3.940134097112478, 2.756811833994468]}, "10": {"Atom 1": "(59,)", "Atom 2": "(75,)", "NMR exp": 3.64, "lower bound": 0.0, "upper bound": 4.0, "md": [2.5336893169823407], "lower": [2.173846162499961], "upper": [2.799018691965696]}, "11": {"Atom 1": "(61,)", "Atom 2": "(75,)", "NMR exp": 3.04, "lower bound": 0.0, "upper bound": 3.34, "md": [3.30851249859152], "lower": [3.1296921887823417], "upper": [3.505303240635166]}, "12": {"Atom 1": "(63,)", "Atom 2": "(75,)", "NMR exp": 3.85, "lower bound": 0.0, "upper bound": 4.24, "md": [3.776235166904583], "lower": [2.942665261483363], "upper": [4.201553112954581]}, "13": {"Atom 1": "(75,)", "Atom 2": "(1,)", "NMR exp": 2.82, "lower bound": 0.0, "upper bound": 3.1, "md": [4.477208861584956], "lower": [4.320000844976321], "upper": [4.616584762872163]}, "14": {"Atom 1": "(77,)", "Atom 2": "(1,)", "NMR exp": 3.09, "lower bound": 0.0, "upper bound": 3.4, "md": [2.3125104332962634], "lower": [2.2038212205211476], "upper": [2.544852896807441]}, "15": {"Atom 1": "(79, 80)", "Atom 2": "(1,)", "NMR exp": 4.21, "lower bound": 0.0, "upper bound": 6.1000000000000005, "md": [4.189714939618569, 3.216596286389573], "lower": [3.898631158535262, 2.834121212046174], "upper": [4.31832899067856, 3.6475489415431888]}, "16": {"Atom 1": "(1,)", "Atom 2": "(3,)", "NMR exp": 2.68, "lower bound": 0.0, "upper bound": 2.95, "md": [2.7733245944970584], "lower": [2.6574132827231773], "upper": [2.8611682293948166]}, "17": {"Atom 1": "(1,)", "Atom 2": "(5, 6)", "NMR exp": 3.43, "lower bound": 0.0, "upper bound": 3.77, "md": [2.6397831724923653, 2.406921070602115], "lower": [2.3780850232382056, 2.2522469973473567], "upper": [3.109397402370892, 3.4903918626653967]}, "18": {"Atom 1": "(1,)", "Atom 2": "(5, 6)", "NMR exp": 3.2, "lower bound": 0.0, "upper bound": 3.52, "md": [2.6397831724923653, 2.406921070602115], "lower": [2.3780850232382056, 2.2522469973473567], "upper": [3.109397402370892, 3.4903918626653967]}, "19": {"Atom 1": "(3,)", "Atom 2": "(5, 6)", "NMR exp": 2.36, "lower bound": 0.0, "upper bound": 2.6, "md": [3.059352645707802, 2.805257661762886], "lower": [2.7157390352429336, 2.4052806952036927], "upper": [3.1033724867645978, 3.016096746969917]}, "20": {"Atom 1": "(3,)", "Atom 2": "(5, 6)", "NMR exp": 2.4, "lower bound": 0.0, "upper bound": 2.64, "md": [3.059352645707802, 2.805257661762886], "lower": [2.7157390352429336, 2.4052806952036927], "upper": [3.1033724867645978, 3.016096746969917]}, "21": {"Atom 1": "(22,)", "Atom 2": "(19, 20)", "NMR exp": 2.33, "lower bound": 0.0, "upper bound": 3.83, "md": [2.9766797826783167, 2.2016719354166767], "lower": [2.7793882402982044, 2.1237100000509677], "upper": [3.040072325017205, 2.3506704352912124]}, "22": {"Atom 1": "(22,)", "Atom 2": "(16, 17)", "NMR exp": 2.7, "lower bound": 0.0, "upper bound": 4.24, "md": [4.0241697499979, 3.797589696644403], "lower": [3.873601793182235, 3.1959013600760686], "upper": [4.109879292968677, 4.02722712252897]}, "23": {"Atom 1": "(19, 20)", "Atom 2": "(13, 14)", "NMR exp": 2.68, "lower bound": 0.0, "upper bound": 5.5200000000000005, "md": [3.501422664573841, 4.042672031129929, 3.9226500102226574, 3.781585243417117], "lower": [2.986458122506416, 3.8716333388821957, 3.802560101167584, 3.109162903893647], "upper": [3.9691751203156795, 4.127602193015026, 4.034732387965122, 4.044349737675622]}, "24": {"Atom 1": "(16, 17)", "Atom 2": "(13, 14)", "NMR exp": 2.81, "lower bound": 0.0, "upper bound": 5.69, "md": [2.3722747770343178, 2.949173083146767, 2.7085441449407197, 2.2192017842398606], "lower": [2.2281482980569005, 2.7367137832458317, 2.6118218248590095, 2.1336864381475515], "upper": [2.4723371798778975, 3.031031654554939, 2.94841150691769, 2.381247553124063]}, "25": {"Atom 1": "(26,)", "Atom 2": "(30, 31)", "NMR exp": 3.75, "lower bound": 0.0, "upper bound": 4.12, "md": [3.4082594876324324, 2.6291166622841886], "lower": [2.9341472908665414, 2.4814726681127395], "upper": [3.572907219183274, 3.2775940631576663]}, "26": {"Atom 1": "(26,)", "Atom 2": "(30, 31)", "NMR exp": 3.5300000000000002, "lower bound": 0.0, "upper bound": 3.88, "md": [3.4082594876324324, 2.6291166622841886], "lower": [2.9341472908665414, 2.4814726681127395], "upper": [3.572907219183274, 3.2775940631576663]}, "27": {"Atom 1": "(26,)", "Atom 2": "(33,)", "NMR exp": 4.76, "lower bound": 0.0, "upper bound": 5.24, "md": [4.695158906732877], "lower": [3.9879316292907694], "upper": [4.975790201735713]}, "28": {"Atom 1": "(28,)", "Atom 2": "(30, 31)", "NMR exp": 3.13, "lower bound": 0.0, "upper bound": 3.44, "md": [2.4066247333727033, 2.979598542082195], "lower": [2.302603562777821, 2.6785983094965773], "upper": [2.757651890652785, 3.063540488340231]}, "29": {"Atom 1": "(28,)", "Atom 2": "(30, 31)", "NMR exp": 2.93, "lower bound": 0.0, "upper bound": 3.22, "md": [2.4066247333727033, 2.979598542082195], "lower": [2.302603562777821, 2.6785983094965773], "upper": [2.757651890652785, 3.063540488340231]}, "30": {"Atom 1": "(28,)", "Atom 2": "(33,)", "NMR exp": 3.06, "lower bound": 0.0, "upper bound": 3.37, "md": [2.826510208221071], "lower": [2.4600208413325997], "upper": [3.3525375142529934]}, "31": {"Atom 1": "(28,)", "Atom 2": "(35, 36, 37, 39, 40, 41)", "NMR exp": 2.85, "lower bound": 0.0, "upper bound": 6.42, "md": [3.980976875352821, 3.836648147143752, 2.3663568309078427, 4.435660736415485, 4.498473336152495, 3.8733221169505563], "lower": [2.913234209853371, 2.813187087188847, 2.165591508209998, 3.138509870658491, 3.2642044059646027, 2.8661230316755084], "upper": [4.5892892235549345, 4.506866595637826, 3.9915274787842323, 4.813293648632297, 4.836405398803446, 4.6885568913028175]}, "32": {"Atom 1": "(45,)", "Atom 2": "(47,)", "NMR exp": 2.82, "lower bound": 0.0, "upper bound": 3.1, "md": [2.2802589824027537], "lower": [2.152993413070453], "upper": [2.356953820624045]}, "33": {"Atom 1": "(45,)", "Atom 2": "(49, 50)", "NMR exp": 3.39, "lower bound": 0.0, "upper bound": 5.09, "md": [3.1327342724562195, 3.7000150820084285], "lower": [2.8427120722326706, 3.4403729841708097], "upper": [3.3766739511674233, 3.889263166844406]}, "34": {"Atom 1": "(47,)", "Atom 2": "(49, 50)", "NMR exp": 2.34, "lower bound": 0.0, "upper bound": 3.7800000000000002, "md": [2.430350911681386, 3.12388679449564], "lower": [2.3175923213771155, 2.9222671625376706], "upper": [2.6705180713496786, 3.1547025641950612]}, "35": {"Atom 1": "(49, 50)", "Atom 2": "(54, 55)", "NMR exp": 2.83, "lower bound": 0.0, "upper bound": 4.4, "md": [2.615254925181838, 3.4392347031913677, 2.8948362284385403, 4.055916451463753], "lower": [2.3013054535022617, 3.354439288329257, 2.333380487101569, 3.5847526299954913], "upper": [3.1135436195686967, 3.7775655634902754, 3.477863580466663, 4.137508127029675]}, "36": {"Atom 1": "(49, 50)", "Atom 2": "(54, 55)", "NMR exp": 3.86, "lower bound": 0.0, "upper bound": 5.68, "md": [2.615254925181838, 3.4392347031913677, 2.8948362284385403, 4.055916451463753], "lower": [2.3013054535022617, 3.354439288329257, 2.333380487101569, 3.5847526299954913], "upper": [3.1135436195686967, 3.7775655634902754, 3.477863580466663, 4.137508127029675]}, "37": {"Atom 1": "(59,)", "Atom 2": "(61,)", "NMR exp": 2.97, "lower bound": 0.0, "upper bound": 3.27, "md": [3.0232668771392137], "lower": [2.8932381317616964], "upper": [3.062651983130787]}, "38": {"Atom 1": "(59,)", "Atom 2": "(63,)", "NMR exp": 3.33, "lower bound": 0.0, "upper bound": 3.66, "md": [3.789153135313439], "lower": [3.0710866495609452], "upper": [3.903591731987999]}, "39": {"Atom 1": "(59,)", "Atom 2": "(65, 66, 67, 69, 70, 71)", "NMR exp": 3.96, "lower bound": 0.0, "upper bound": 5.54, "md": [3.215947924430759, 3.8191699579896548, 4.0752278995310425, 3.2027425699171137, 2.3648629971524766, 2.378478320293106], "lower": [2.565663489495971, 3.010701620206895, 3.013066711457091, 2.40850102618845, 2.0748639447011508, 2.0910152768912216], "upper": [4.187294876511405, 4.437866215111277, 4.5633935004728094, 3.98621524716382, 3.6952270411570627, 3.7137451281306966]}, "40": {"Atom 1": "(59,)", "Atom 2": "(65, 66, 67, 69, 70, 71)", "NMR exp": 3.48, "lower bound": 0.0, "upper bound": 4.9, "md": [3.215947924430759, 3.8191699579896548, 4.0752278995310425, 3.2027425699171137, 2.3648629971524766, 2.378478320293106], "lower": [2.565663489495971, 3.010701620206895, 3.013066711457091, 2.40850102618845, 2.0748639447011508, 2.0910152768912216], "upper": [4.187294876511405, 4.437866215111277, 4.5633935004728094, 3.98621524716382, 3.6952270411570627, 3.7137451281306966]}, "41": {"Atom 1": "(61,)", "Atom 2": "(65, 66, 67, 69, 70, 71)", "NMR exp": 2.87, "lower bound": 0.0, "upper bound": 4.09, "md": [3.2665964847948303, 2.828421101720975, 2.8667184581338367, 3.5612243718286543, 4.055239477950101, 4.096157808165997], "lower": [2.624938327774702, 2.4340541188767624, 2.4538267846943445, 2.7106861786725425, 3.332893891534524, 3.47181821666828], "upper": [3.709475047708329, 3.624962265276606, 3.614621179625081, 4.036627713975559, 4.279322749966436, 4.274740038667495]}, "42": {"Atom 1": "(61,)", "Atom 2": "(65, 66, 67, 69, 70, 71)", "NMR exp": 2.89, "lower bound": 0.0, "upper bound": 4.12, "md": [3.2665964847948303, 2.828421101720975, 2.8667184581338367, 3.5612243718286543, 4.055239477950101, 4.096157808165997], "lower": [2.624938327774702, 2.4340541188767624, 2.4538267846943445, 2.7106861786725425, 3.332893891534524, 3.47181821666828], "upper": [3.709475047708329, 3.624962265276606, 3.614621179625081, 4.036627713975559, 4.279322749966436, 4.274740038667495]}, "43": {"Atom 1": "(75,)", "Atom 2": "(77,)", "NMR exp": 3.06, "lower bound": 0.0, "upper bound": 3.37, "md": [2.945376551075399], "lower": [2.866774635645497], "upper": [3.0053687481437663]}, "44": {"Atom 1": "(75,)", "Atom 2": "(79, 80)", "NMR exp": 2.83, "lower bound": 0.0, "upper bound": 4.39, "md": [2.6398048841317747, 2.790270291234994], "lower": [2.387166678038109, 2.5519683016198265], "upper": [3.098577124945771, 3.2284587279276926]}, "45": {"Atom 1": "(77,)", "Atom 2": "(79, 80)", "NMR exp": 2.5, "lower bound": 0.0, "upper bound": 3.99, "md": [2.6981666676260896, 3.051064064007118], "lower": [2.5044813900237677, 2.8370130390922035], "upper": [2.9163790909340217, 3.102205379006188]}}}