{"trans": {"stat": {"0": "MAE", "1": "MSE", "2": "RMSD", "3": "pearsonr", "4": "kendalltau", "5": "chisq", "6": "percentage_fulfilled"}, "value": {"0": 0.4578406316473064, "1": 0.05403038308440591, "2": 0.731595590861947, "3": 0.596278965308681, "4": 0.5017015663343843, "5": 7.314876439944397, "6": 0.8478260869565217}, "up": {"0": 0.630866049850678, "1": 0.27800375494151375, "2": 0.967248081752299, "3": 0.7615651672614915, "4": 0.6788607022564238, "5": 12.941269671575808, "6": 0.0}, "low": {"0": 0.3053744810898774, "1": 0.0, "2": 0.4688221120618195, "3": 0.37593403440246587, "4": 0.28742089303983215, "5": 2.888770281681125, "6": 0.0}, "most-populated-1": {"0": 0.4465716283217718, "1": 0.2066379008085829, "2": 0.7435522037837881, "3": NaN, "4": NaN, "5": NaN, "6": 0.8260869565217391}}}