{"24a": {"0": {"Atom 1": "(1,)", "Atom 2": "(59,)", "NMR exp": 3.68, "lower bound": 0.0, "upper bound": 4.05, "md": [3.9679664428849795]}, "1": {"Atom 1": "(5, 6)", "Atom 2": "(26,)", "NMR exp": 4.0, "lower bound": 0.0, "upper bound": 4.4, "md": [5.938637635789955, 5.440150332315138]}, "2": {"Atom 1": "(5, 6)", "Atom 2": "(45,)", "NMR exp": 3.95, "lower bound": 0.0, "upper bound": 4.34, "md": [6.353857640026919, 6.2923961758106675]}, "3": {"Atom 1": "(5, 6)", "Atom 2": "(45,)", "NMR exp": 3.9, "lower bound": 0.0, "upper bound": 4.29, "md": [6.353857640026919, 6.2923961758106675]}, "4": {"Atom 1": "(3,)", "Atom 2": "(13, 14)", "NMR exp": 2.1, "lower bound": 0.0, "upper bound": 4.3500000000000005, "md": [4.346908293925327, 3.9965668961876397]}, "5": {"Atom 1": "(13, 14)", "Atom 2": "(26,)", "NMR exp": 3.64, "lower bound": 0.0, "upper bound": 5.39, "md": [3.031722833023508, 4.250935225144683]}, "6": {"Atom 1": "(28,)", "Atom 2": "(45,)", "NMR exp": 3.24, "lower bound": 0.0, "upper bound": 3.56, "md": [3.569912177245452]}, "7": {"Atom 1": "(45,)", "Atom 2": "(59,)", "NMR exp": 3.92, "lower bound": 0.0, "upper bound": 4.3100000000000005, "md": [3.074392564995704]}, "8": {"Atom 1": "(47,)", "Atom 2": "(59,)", "NMR exp": 2.88, "lower bound": 0.0, "upper bound": 3.17, "md": [3.3813501810027966]}, "9": {"Atom 1": "(49, 50)", "Atom 2": "(59,)", "NMR exp": 3.06, "lower bound": 0.0, "upper bound": 4.69, "md": [3.57641582812112, 2.1204210654236197]}, "10": {"Atom 1": "(59,)", "Atom 2": "(75,)", "NMR exp": 3.64, "lower bound": 0.0, "upper bound": 4.0, "md": [2.538510292310013]}, "11": {"Atom 1": "(61,)", "Atom 2": "(75,)", "NMR exp": 3.04, "lower bound": 0.0, "upper bound": 3.34, "md": [3.4219349308739186]}, "12": {"Atom 1": "(63,)", "Atom 2": "(75,)", "NMR exp": 3.85, "lower bound": 0.0, "upper bound": 4.24, "md": [3.3445989914586165]}, "13": {"Atom 1": "(75,)", "Atom 2": "(1,)", "NMR exp": 2.82, "lower bound": 0.0, "upper bound": 3.1, "md": [2.4231822452780056]}, "14": {"Atom 1": "(77,)", "Atom 2": "(1,)", "NMR exp": 3.09, "lower bound": 0.0, "upper bound": 3.4, "md": [3.353534632102623]}, "15": {"Atom 1": "(79, 80)", "Atom 2": "(1,)", "NMR exp": 4.21, "lower bound": 0.0, "upper bound": 6.1000000000000005, "md": [4.071734458079064, 4.248886427919043]}, "16": {"Atom 1": "(1,)", "Atom 2": "(3,)", "NMR exp": 2.68, "lower bound": 0.0, "upper bound": 2.95, "md": [2.189555392867696]}, "17": {"Atom 1": "(1,)", "Atom 2": "(5, 6)", "NMR exp": 3.43, "lower bound": 0.0, "upper bound": 3.77, "md": [3.4687985151388103, 3.7039379224524156]}, "18": {"Atom 1": "(1,)", "Atom 2": "(5, 6)", "NMR exp": 3.2, "lower bound": 0.0, "upper bound": 3.52, "md": [3.4687985151388103, 3.7039379224524156]}, "19": {"Atom 1": "(3,)", "Atom 2": "(5, 6)", "NMR exp": 2.36, "lower bound": 0.0, "upper bound": 2.6, "md": [2.367350965223083, 2.83787743042599]}, "20": {"Atom 1": "(3,)", "Atom 2": "(5, 6)", "NMR exp": 2.4, "lower bound": 0.0, "upper bound": 2.64, "md": [2.367350965223083, 2.83787743042599]}, "21": {"Atom 1": "(22,)", "Atom 2": "(19, 20)", "NMR exp": 2.33, "lower bound": 0.0, "upper bound": 3.83, "md": [2.986108022368468, 2.324272129429342]}, "22": {"Atom 1": "(22,)", "Atom 2": "(16, 17)", "NMR exp": 2.7, "lower bound": 0.0, "upper bound": 4.24, "md": [3.8492356505363303, 2.779845374110718]}, "23": {"Atom 1": "(19, 20)", "Atom 2": "(13, 14)", "NMR exp": 2.68, "lower bound": 0.0, "upper bound": 5.5200000000000005, "md": [2.7540068112876432, 3.79094209000567, 3.8323294352362565, 3.8845473180268906]}, "24": {"Atom 1": "(16, 17)", "Atom 2": "(13, 14)", "NMR exp": 2.81, "lower bound": 0.0, "upper bound": 5.69, "md": [2.3386866200608485, 2.675223133995046, 2.9904131176911983, 2.3252193824291156]}, "25": {"Atom 1": "(26,)", "Atom 2": "(30, 31)", "NMR exp": 3.75, "lower bound": 0.0, "upper bound": 4.12, "md": [2.730466262390543, 2.7266814658005574]}, "26": {"Atom 1": "(26,)", "Atom 2": "(30, 31)", "NMR exp": 3.5300000000000002, "lower bound": 0.0, "upper bound": 3.88, "md": [2.730466262390543, 2.7266814658005574]}, "27": {"Atom 1": "(26,)", "Atom 2": "(33,)", "NMR exp": 4.76, "lower bound": 0.0, "upper bound": 5.24, "md": [4.708496971981758]}, "28": {"Atom 1": "(28,)", "Atom 2": "(30, 31)", "NMR exp": 3.13, "lower bound": 0.0, "upper bound": 3.44, "md": [2.5374525189281973, 2.8934280849656813]}, "29": {"Atom 1": "(28,)", "Atom 2": "(30, 31)", "NMR exp": 2.93, "lower bound": 0.0, "upper bound": 3.22, "md": [2.5374525189281973, 2.8934280849656813]}, "30": {"Atom 1": "(28,)", "Atom 2": "(33,)", "NMR exp": 3.06, "lower bound": 0.0, "upper bound": 3.37, "md": [3.7440271167588755]}, "31": {"Atom 1": "(28,)", "Atom 2": "(35, 36, 37, 39, 40, 41)", "NMR exp": 2.85, "lower bound": 0.0, "upper bound": 6.42, "md": [3.453427564572437, 3.174305513942892, 3.0093528676345715, 2.712655425839124, 2.542055165850084, 2.8548329023527703]}, "32": {"Atom 1": "(45,)", "Atom 2": "(47,)", "NMR exp": 2.82, "lower bound": 0.0, "upper bound": 3.1, "md": [2.8958128668617453]}, "33": {"Atom 1": "(45,)", "Atom 2": "(49, 50)", "NMR exp": 3.39, "lower bound": 0.0, "upper bound": 5.09, "md": [3.2056157280725346, 2.9685004430879163]}, "34": {"Atom 1": "(47,)", "Atom 2": "(49, 50)", "NMR exp": 2.34, "lower bound": 0.0, "upper bound": 3.7800000000000002, "md": [2.4697305436004533, 3.0403547603816152]}, "35": {"Atom 1": "(49, 50)", "Atom 2": "(54, 55)", "NMR exp": 2.83, "lower bound": 0.0, "upper bound": 4.4, "md": [3.639728136674978, 2.538862011223546, 3.6845865049459747, 2.520571065583895]}, "36": {"Atom 1": "(49, 50)", "Atom 2": "(54, 55)", "NMR exp": 3.86, "lower bound": 0.0, "upper bound": 5.68, "md": [3.639728136674978, 2.538862011223546, 3.6845865049459747, 2.520571065583895]}, "37": {"Atom 1": "(59,)", "Atom 2": "(61,)", "NMR exp": 2.97, "lower bound": 0.0, "upper bound": 3.27, "md": [2.877741043697976]}, "38": {"Atom 1": "(59,)", "Atom 2": "(63,)", "NMR exp": 3.33, "lower bound": 0.0, "upper bound": 3.66, "md": [2.7796571101877525]}, "39": {"Atom 1": "(59,)", "Atom 2": "(65, 66, 67, 69, 70, 71)", "NMR exp": 3.96, "lower bound": 0.0, "upper bound": 5.54, "md": [2.9392876653781994, 3.0513145103912764, 2.8193084031887516, 2.7130568193579125, 2.3834549329616674, 2.741168858321925]}, "40": {"Atom 1": "(59,)", "Atom 2": "(65, 66, 67, 69, 70, 71)", "NMR exp": 3.48, "lower bound": 0.0, "upper bound": 4.9, "md": [2.9392876653781994, 3.0513145103912764, 2.8193084031887516, 2.7130568193579125, 2.3834549329616674, 2.741168858321925]}, "41": {"Atom 1": "(61,)", "Atom 2": "(65, 66, 67, 69, 70, 71)", "NMR exp": 2.87, "lower bound": 0.0, "upper bound": 4.09, "md": [2.7978260983133265, 2.9083195280824263, 2.8616513360340035, 3.1837542490172233, 3.290285429357121, 3.0173552478784815]}, "42": {"Atom 1": "(61,)", "Atom 2": "(65, 66, 67, 69, 70, 71)", "NMR exp": 2.89, "lower bound": 0.0, "upper bound": 4.12, "md": [2.7978260983133265, 2.9083195280824263, 2.8616513360340035, 3.1837542490172233, 3.290285429357121, 3.0173552478784815]}, "43": {"Atom 1": "(75,)", "Atom 2": "(77,)", "NMR exp": 3.06, "lower bound": 0.0, "upper bound": 3.37, "md": [2.8995563786491934]}, "44": {"Atom 1": "(75,)", "Atom 2": "(79, 80)", "NMR exp": 2.83, "lower bound": 0.0, "upper bound": 4.39, "md": [3.5779548086859987, 2.666541324824447]}, "45": {"Atom 1": "(77,)", "Atom 2": "(79, 80)", "NMR exp": 2.5, "lower bound": 0.0, "upper bound": 3.99, "md": [2.4404296093600903, 2.3965698569677905]}}}